+ '[' 0 -ne 0 ']'
+ apt-get -y install realmd sssd sssd-tools libnss-sss libpam-sss adcli samba-common-bin oddjob oddjob-mkhomedir packagekit
Reading package lists...
Building dependency tree...
Reading state information...
realmd is already the newest version (0.17.1-3build3).
sssd is already the newest version (2.12.0-1ubuntu5.4).
sssd-tools is already the newest version (2.12.0-1ubuntu5.4).
libnss-sss is already the newest version (2.12.0-1ubuntu5.4).
libpam-sss is already the newest version (2.12.0-1ubuntu5.4).
adcli is already the newest version (0.9.2-1ubuntu3).
samba-common-bin is already the newest version (2:4.23.6+dfsg-1ubuntu2.2).
oddjob is already the newest version (0.34.7-2.1build2).
oddjob-mkhomedir is already the newest version (0.34.7-2.1build2).
packagekit is already the newest version (1.3.4-3ubuntu1.2).
Solving dependencies...
0 upgraded, 0 newly installed, 0 to remove and 5 not upgraded.
+ realm list
+ grep -q '^advanced-media\.co\.jp$'
+ '[' '!' -e /root/.ssh/id_ed25519 ']'
+ mkdir -p /root/setup
+ scp -p pythagoras:/work/Admin/atd_users_list.txt /root/setup/
+ scp -p pythagoras:/work/Admin/add_permission_to_sssd.sh /root/setup/
+ scp -pr pythagoras:/etc/auto.master.d /root/setup/
+ scp -pr pythagoras:/etc/auto.ctd pythagoras:/etc/auto.home pythagoras:/etc/auto.work /root/setup/
+ scp -p pythagoras:/etc/sssd/sssd.conf /root/setup/
+ systemctl stop sssd
+ '[' '!' -e /etc/sssd/sssd.conf.orig ']'
+ '[' -e /etc/sssd/sssd.conf ']'
+ mv /etc/sssd/sssd.conf /etc/sssd/sssd.conf.orig
+ cp -p /root/setup/sssd.conf /etc/sssd/sssd.conf
+ chmod 640 /etc/sssd/sssd.conf
+ chgrp sssd /etc/sssd/sssd.conf
+ rm -f /var/lib/sss/db/cache_advanced-media.co.jp.ldb /var/lib/sss/db/config.ldb /var/lib/sss/db/timestamps_advanced-media.co.jp.ldb
+ systemctl enable --now sssd
Synchronizing state of sssd.service with SysV service script with /usr/lib/systemd/systemd-sysv-install.
Executing: /usr/lib/systemd/systemd-sysv-install enable sssd
+ cat /root/setup/atd_users_list.txt
+ read line
+ gpasswd -a a-kojima users
gpasswd: user 'a-kojima' does not exist
+ set +e
+ cat /root/setup/atd_users_list.txt
+ read line
+ gpasswd -a a-kojima users
gpasswd: user 'a-kojima' does not exist
+ read line
+ gpasswd -a d-tanii users
Adding user d-tanii to group users
+ read line
+ gpasswd -a h-kawaguchi users
Adding user h-kawaguchi to group users
+ read line
+ gpasswd -a h-kishi users
Adding user h-kishi to group users
+ read line
+ gpasswd -a k-ikeda users
Adding user k-ikeda to group users
+ read line
+ gpasswd -a k-susuta users
Adding user k-susuta to group users
+ read line
+ gpasswd -a k-takemura users
Adding user k-takemura to group users
+ read line
+ gpasswd -a k-tejima users
Adding user k-tejima to group users
+ read line
+ gpasswd -a m-nakano users
Adding user m-nakano to group users
+ read line
+ gpasswd -a m-oka users
Adding user m-oka to group users
+ read line
+ gpasswd -a n-koga users
Adding user n-koga to group users
+ read line
+ gpasswd -a n-shinkai users
Adding user n-shinkai to group users
+ read line
+ gpasswd -a r-oguro users
Adding user r-oguro to group users
+ read line
+ gpasswd -a r-suzuki users
Adding user r-suzuki to group users
+ read line
+ gpasswd -a s-hiai users
gpasswd: user 's-hiai' does not exist
+ read line
+ gpasswd -a s-nagayama users
gpasswd: user 's-nagayama' does not exist
+ read line
+ gpasswd -a shii users
Adding user shii to group users
+ read line
+ gpasswd -a shiren users
Adding user shiren to group users
+ read line
+ gpasswd -a t-sasame users
Adding user t-sasame to group users
+ read line
+ gpasswd -a t-yamamoto users
Adding user t-yamamoto to group users
+ read line
+ gpasswd -a tanaka users
Adding user tanaka to group users
+ read line
+ gpasswd -a tm-kimura users
gpasswd: user 'tm-kimura' does not exist
+ read line
+ gpasswd -a y-hishiba users
gpasswd: user 'y-hishiba' does not exist
+ read line
+ gpasswd -a y-kanemoto users
Adding user y-kanemoto to group users
+ read line
+ gpasswd -a y-sango users
Adding user y-sango to group users
+ read line
+ gpasswd -a y-shigekuni users
Adding user y-shigekuni to group users
+ read line
+ cat /root/setup/atd_users_list.txt
+ read line
+ gpasswd -a a-kojima docker
gpasswd: user 'a-kojima' does not exist
+ read line
+ gpasswd -a d-tanii docker
Adding user d-tanii to group docker
+ read line
+ gpasswd -a h-kawaguchi docker
Adding user h-kawaguchi to group docker
+ read line
+ gpasswd -a h-kishi docker
Adding user h-kishi to group docker
+ read line
+ gpasswd -a k-ikeda docker
Adding user k-ikeda to group docker
+ read line
+ gpasswd -a k-susuta docker
Adding user k-susuta to group docker
+ read line
+ gpasswd -a k-takemura docker
Adding user k-takemura to group docker
+ read line
+ gpasswd -a k-tejima docker
Adding user k-tejima to group docker
+ read line
+ gpasswd -a m-nakano docker
Adding user m-nakano to group docker
+ read line
+ gpasswd -a m-oka docker
Adding user m-oka to group docker
+ read line
+ gpasswd -a n-koga docker
Adding user n-koga to group docker
+ read line
+ gpasswd -a n-shinkai docker
Adding user n-shinkai to group docker
+ read line
+ gpasswd -a r-oguro docker
Adding user r-oguro to group docker
+ read line
+ gpasswd -a r-suzuki docker
Adding user r-suzuki to group docker
+ read line
+ gpasswd -a s-hiai docker
gpasswd: user 's-hiai' does not exist
+ read line
+ gpasswd -a s-nagayama docker
gpasswd: user 's-nagayama' does not exist
+ read line
+ gpasswd -a shii docker
Adding user shii to group docker
+ read line
+ gpasswd -a shiren docker
Adding user shiren to group docker
+ read line
+ gpasswd -a t-sasame docker
Adding user t-sasame to group docker
+ read line
+ gpasswd -a t-yamamoto docker
Adding user t-yamamoto to group docker
+ read line
+ gpasswd -a tanaka docker
Adding user tanaka to group docker
+ read line
+ gpasswd -a tm-kimura docker
gpasswd: user 'tm-kimura' does not exist
+ read line
+ gpasswd -a y-hishiba docker
gpasswd: user 'y-hishiba' does not exist
+ read line
+ gpasswd -a y-kanemoto docker
Adding user y-kanemoto to group docker
+ read line
+ gpasswd -a y-sango docker
Adding user y-sango to group docker
+ read line
+ gpasswd -a y-shigekuni docker
Adding user y-shigekuni to group docker
+ read line
+ for user in r-oguro tanaka k-susuta t-sasame
+ gpasswd -a r-oguro sudo
Adding user r-oguro to group sudo
+ for user in r-oguro tanaka k-susuta t-sasame
+ gpasswd -a tanaka sudo
Adding user tanaka to group sudo
+ for user in r-oguro tanaka k-susuta t-sasame
+ gpasswd -a k-susuta sudo
Adding user k-susuta to group sudo
+ for user in r-oguro tanaka k-susuta t-sasame
+ gpasswd -a t-sasame sudo
Adding user t-sasame to group sudo
+ bash /root/setup/add_permission_to_sssd.sh
+ set -e
+ systemctl restart sssd
+ cp -p /root/setup/auto.master.d/ctd.autofs /root/setup/auto.master.d/home.autofs /root/setup/auto.master.d/work.autofs /etc/auto.master.d/
+ cp -p /root/setup/auto.ctd /root/setup/auto.home /root/setup/auto.work /root/setup/auto.direct /etc/
cp: cannot stat '/root/setup/auto.direct': No such file or directory
+ set +e
+ cat /root/setup/atd_users_list.txt
+ read line
+ gpasswd -a a-kojima users
gpasswd: user 'a-kojima' does not exist
+ read line
+ gpasswd -a d-tanii users
Adding user d-tanii to group users
+ read line
+ gpasswd -a h-kawaguchi users
Adding user h-kawaguchi to group users
+ read line
+ gpasswd -a h-kishi users
Adding user h-kishi to group users
+ read line
+ gpasswd -a k-ikeda users
Adding user k-ikeda to group users
+ read line
+ gpasswd -a k-susuta users
Adding user k-susuta to group users
+ read line
+ gpasswd -a k-takemura users
Adding user k-takemura to group users
+ read line
+ gpasswd -a k-tejima users
Adding user k-tejima to group users
+ read line
+ gpasswd -a m-nakano users
Adding user m-nakano to group users
+ read line
+ gpasswd -a m-oka users
Adding user m-oka to group users
+ read line
+ gpasswd -a n-koga users
Adding user n-koga to group users
+ read line
+ gpasswd -a n-shinkai users
Adding user n-shinkai to group users
+ read line
+ gpasswd -a r-oguro users
Adding user r-oguro to group users
+ read line
+ gpasswd -a r-suzuki users
Adding user r-suzuki to group users
+ read line
+ gpasswd -a s-hiai users
gpasswd: user 's-hiai' does not exist
+ read line
+ gpasswd -a s-nagayama users
gpasswd: user 's-nagayama' does not exist
+ read line
+ gpasswd -a shii users
Adding user shii to group users
+ read line
+ gpasswd -a shiren users
Adding user shiren to group users
+ read line
+ gpasswd -a t-sasame users
Adding user t-sasame to group users
+ read line
+ gpasswd -a t-yamamoto users
Adding user t-yamamoto to group users
+ read line
+ gpasswd -a tanaka users
Adding user tanaka to group users
+ read line
+ gpasswd -a tm-kimura users
gpasswd: user 'tm-kimura' does not exist
+ read line
+ gpasswd -a y-hishiba users
gpasswd: user 'y-hishiba' does not exist
+ read line
+ gpasswd -a y-kanemoto users
Adding user y-kanemoto to group users
+ read line
+ gpasswd -a y-sango users
Adding user y-sango to group users
+ read line
+ gpasswd -a y-shigekuni users
Adding user y-shigekuni to group users
+ read line
+ read line
+ cat /root/setup/atd_users_list.txt
+ gpasswd -a a-kojima docker
gpasswd: user 'a-kojima' does not exist
+ read line
+ gpasswd -a d-tanii docker
Adding user d-tanii to group docker
+ read line
+ gpasswd -a h-kawaguchi docker
Adding user h-kawaguchi to group docker
+ read line
+ gpasswd -a h-kishi docker
Adding user h-kishi to group docker
+ read line
+ gpasswd -a k-ikeda docker
Adding user k-ikeda to group docker
+ read line
+ gpasswd -a k-susuta docker
Adding user k-susuta to group docker
+ read line
+ gpasswd -a k-takemura docker
Adding user k-takemura to group docker
+ read line
+ gpasswd -a k-tejima docker
Adding user k-tejima to group docker
+ read line
+ gpasswd -a m-nakano docker
Adding user m-nakano to group docker
+ read line
+ gpasswd -a m-oka docker
Adding user m-oka to group docker
+ read line
+ gpasswd -a n-koga docker
Adding user n-koga to group docker
+ read line
+ gpasswd -a n-shinkai docker
Adding user n-shinkai to group docker
+ read line
+ gpasswd -a r-oguro docker
Adding user r-oguro to group docker
+ read line
+ gpasswd -a r-suzuki docker
Adding user r-suzuki to group docker
+ read line
+ gpasswd -a s-hiai docker
gpasswd: user 's-hiai' does not exist
+ read line
+ gpasswd -a s-nagayama docker
gpasswd: user 's-nagayama' does not exist
+ read line
+ gpasswd -a shii docker
Adding user shii to group docker
+ read line
+ gpasswd -a shiren docker
Adding user shiren to group docker
+ read line
+ gpasswd -a t-sasame docker
Adding user t-sasame to group docker
+ read line
+ gpasswd -a t-yamamoto docker
Adding user t-yamamoto to group docker
+ read line
+ gpasswd -a tanaka docker
Adding user tanaka to group docker
+ read line
+ gpasswd -a tm-kimura docker
gpasswd: user 'tm-kimura' does not exist
+ read line
+ gpasswd -a y-hishiba docker
gpasswd: user 'y-hishiba' does not exist
+ read line
+ gpasswd -a y-kanemoto docker
Adding user y-kanemoto to group docker
+ read line
+ gpasswd -a y-sango docker
Adding user y-sango to group docker
+ read line
+ gpasswd -a y-shigekuni docker
Adding user y-shigekuni to group docker
+ read line
+ for user in r-oguro tanaka k-susuta t-sasame
+ gpasswd -a r-oguro sudo
Adding user r-oguro to group sudo
+ for user in r-oguro tanaka k-susuta t-sasame
+ gpasswd -a tanaka sudo
Adding user tanaka to group sudo
+ for user in r-oguro tanaka k-susuta t-sasame
+ gpasswd -a k-susuta sudo
Adding user k-susuta to group sudo
+ for user in r-oguro tanaka k-susuta t-sasame
+ gpasswd -a t-sasame sudo
Adding user t-sasame to group sudo
+ bash /root/setup/add_permission_to_sssd.sh
+ set -e
+ systemctl restart sssd
+ cp -p /root/setup/auto.master.d/ctd.autofs /root/setup/auto.master.d/direct.autofs /root/setup/auto.master.d/home.autofs /root/setup/auto.master.d/work.autofs /etc/auto.master.d/
+ cp -p /root/setup/auto.ctd /root/setup/auto.home /root/setup/auto.work /root/setup/auto.direct /etc/
+ systemctl stop autofs
+ systemctl enable --now autofs
Synchronizing state of autofs.service with SysV service script with /usr/lib/systemd/systemd-sysv-install.
Executing: /usr/lib/systemd/systemd-sysv-install enable autofs
+ echo 'Done. Please reboot the system and run the remaining setup after reboot.'
Done. Please reboot the system and run the remaining setup after reboot.
+ exit
